"2026-09-14 02:11:13,001 [INFO] New logfile started"
"2026-09-14 02:11:13,002 [INFO] duetBackup -- 1.4"
"2026-09-14 02:11:13,002 [DEBUG] Connection attempt 0 url: http://127.0.0.1/machine/disconnect post:False"
"2026-09-14 02:11:14,015 [DEBUG] Connection attempt 1 url: http://127.0.0.1/machine/disconnect post:False"
"2026-09-14 02:11:15,027 [DEBUG] Connection attempt 0 url: http://127.0.0.1/machine/connect?password= post:False"
"2026-09-14 02:11:15,039 [INFO] Logging into Github as m0oml"
"2026-09-14 02:11:16,547 [DEBUG] Git reported last commit on Sun, 13 Sep 2026 19:11:44 GMT"
"2026-09-14 02:11:17,044 [INFO] Getting files in Repository(full_name="m0oml/hevort") from branch main"
"2026-09-14 02:11:20,279 [INFO] The following dirs will be backed up [['sd/sys'], ['sd/macros']]"
"2026-09-14 02:11:20,279 [INFO] List files in directory = /opt/dsf/sd/sys"
"2026-09-14 02:11:20,280 [DEBUG] Permissions for sys are owner: dsf and group: dsf"
"2026-09-14 02:11:20,280 [DEBUG] Check sd/sys/homey.g against *.none"
"2026-09-14 02:11:20,280 [DEBUG] Check sd/sys/homey.g against *duetBackup.config"
"2026-09-14 02:11:20,280 [DEBUG] Check sd/sys/config.g against *.none"
"2026-09-14 02:11:20,281 [DEBUG] Check sd/sys/config.g against *duetBackup.config"
"2026-09-14 02:11:20,281 [DEBUG] Check sd/sys/printend.g against *.none"
"2026-09-14 02:11:20,281 [DEBUG] Check sd/sys/printend.g against *duetBackup.config"
"2026-09-14 02:11:20,281 [DEBUG] Check sd/sys/trigger3.g against *.none"
"2026-09-14 02:11:20,281 [DEBUG] Check sd/sys/trigger3.g against *duetBackup.config"
"2026-09-14 02:11:20,281 [DEBUG] Check sd/sys/printstart.g against *.none"
"2026-09-14 02:11:20,281 [DEBUG] Check sd/sys/printstart.g against *duetBackup.config"
"2026-09-14 02:11:20,281 [DEBUG] Check sd/sys/config.g.bak against *.none"
"2026-09-14 02:11:20,282 [DEBUG] Check sd/sys/config.g.bak against *duetBackup.config"
"2026-09-14 02:11:20,282 [DEBUG] Check sd/sys/resume.g against *.none"
"2026-09-14 02:11:20,282 [DEBUG] Check sd/sys/resume.g against *duetBackup.config"
"2026-09-14 02:11:20,282 [DEBUG] Check sd/sys/stop.g against *.none"
"2026-09-14 02:11:20,282 [DEBUG] Check sd/sys/stop.g against *duetBackup.config"
"2026-09-14 02:11:20,282 [DEBUG] Check sd/sys/tpost0.g against *.none"
"2026-09-14 02:11:20,282 [DEBUG] Check sd/sys/tpost0.g against *duetBackup.config"
"2026-09-14 02:11:20,282 [DEBUG] Check sd/sys/daemon.g against *.none"
"2026-09-14 02:11:20,283 [DEBUG] Check sd/sys/daemon.g against *duetBackup.config"
"2026-09-14 02:11:20,283 [DEBUG] Check sd/sys/homex.g against *.none"
"2026-09-14 02:11:20,283 [DEBUG] Check sd/sys/homex.g against *duetBackup.config"
"2026-09-14 02:11:20,283 [DEBUG] Check sd/sys/eventlog.txt against *.none"
"2026-09-14 02:11:20,283 [DEBUG] Check sd/sys/eventlog.txt against *duetBackup.config"
"2026-09-14 02:11:20,283 [DEBUG] Check sd/sys/trigger2.g against *.none"
"2026-09-14 02:11:20,283 [DEBUG] Check sd/sys/trigger2.g against *duetBackup.config"
"2026-09-14 02:11:20,285 [DEBUG] Check sd/sys/homeall.g against *.none"
"2026-09-14 02:11:20,285 [DEBUG] Check sd/sys/homeall.g against *duetBackup.config"
"2026-09-14 02:11:20,285 [DEBUG] Check sd/sys/vars.g against *.none"
"2026-09-14 02:11:20,285 [DEBUG] Check sd/sys/vars.g against *duetBackup.config"
"2026-09-14 02:11:20,285 [DEBUG] Check sd/sys/project.txt against *.none"
"2026-09-14 02:11:20,285 [DEBUG] Check sd/sys/project.txt against *duetBackup.config"
"2026-09-14 02:11:20,286 [DEBUG] Check sd/sys/heightmap.csv against *.none"
"2026-09-14 02:11:20,286 [DEBUG] Check sd/sys/heightmap.csv against *duetBackup.config"
"2026-09-14 02:11:20,286 [DEBUG] Check sd/sys/sleep.g against *.none"
"2026-09-14 02:11:20,286 [DEBUG] Check sd/sys/sleep.g against *duetBackup.config"
"2026-09-14 02:11:20,286 [DEBUG] Check sd/sys/tfree0.g against *.none"
"2026-09-14 02:11:20,286 [DEBUG] Check sd/sys/tfree0.g against *duetBackup.config"
"2026-09-14 02:11:20,286 [DEBUG] Check sd/sys/bed.g against *.none"
"2026-09-14 02:11:20,286 [DEBUG] Check sd/sys/bed.g against *duetBackup.config"
"2026-09-14 02:11:20,287 [DEBUG] Check sd/sys/mesh.g against *.none"
"2026-09-14 02:11:20,287 [DEBUG] Check sd/sys/mesh.g against *duetBackup.config"
"2026-09-14 02:11:20,287 [DEBUG] Check sd/sys/dwc-settings.json against *.none"
"2026-09-14 02:11:20,287 [DEBUG] Check sd/sys/dwc-settings.json against *duetBackup.config"
"2026-09-14 02:11:20,287 [DEBUG] Check sd/sys/pause.g against *.none"
"2026-09-14 02:11:20,287 [DEBUG] Check sd/sys/pause.g against *duetBackup.config"
"2026-09-14 02:11:20,287 [DEBUG] Check sd/sys/slicer_brief.txt against *.none"
"2026-09-14 02:11:20,287 [DEBUG] Check sd/sys/slicer_brief.txt against *duetBackup.config"
"2026-09-14 02:11:20,287 [DEBUG] Check sd/sys/deployprobe.g against *.none"
"2026-09-14 02:11:20,288 [DEBUG] Check sd/sys/deployprobe.g against *duetBackup.config"
"2026-09-14 02:11:20,288 [DEBUG] Check sd/sys/retractprobe.g against *.none"
"2026-09-14 02:11:20,289 [DEBUG] Check sd/sys/retractprobe.g against *duetBackup.config"
"2026-09-14 02:11:20,289 [DEBUG] Check sd/sys/tpre0.g against *.none"
"2026-09-14 02:11:20,289 [DEBUG] Check sd/sys/tpre0.g against *duetBackup.config"
"2026-09-14 02:11:20,289 [DEBUG] Check sd/sys/homez.g against *.none"
"2026-09-14 02:11:20,289 [DEBUG] Check sd/sys/homez.g against *duetBackup.config"
"2026-09-14 02:11:20,289 [DEBUG] Check sd/sys/plc_read.g against *.none"
"2026-09-14 02:11:20,290 [DEBUG] Check sd/sys/plc_read.g against *duetBackup.config"
"2026-09-14 02:11:20,290 [DEBUG] Check sd/sys/configtool.json against *.none"
"2026-09-14 02:11:20,290 [DEBUG] Check sd/sys/configtool.json against *duetBackup.config"
"2026-09-14 02:11:20,291 [DEBUG] Check sd/sys/project-long.txt against *.none"
"2026-09-14 02:11:20,291 [DEBUG] Check sd/sys/project-long.txt against *duetBackup.config"
"2026-09-14 02:11:20,291 [DEBUG] Check sd/sys/duetBackup/duetBackup.log against *.none"
"2026-09-14 02:11:20,291 [DEBUG] Check sd/sys/duetBackup/duetBackup.log against *duetBackup.config"
"2026-09-14 02:11:20,292 [DEBUG] Check sd/sys/duetBackup/duetBackup.config.example against *.none"
"2026-09-14 02:11:20,292 [DEBUG] Check sd/sys/duetBackup/duetBackup.config.example against *duetBackup.config"
"2026-09-14 02:11:20,292 [DEBUG] Check sd/sys/duetBackup/duetBackup.config against *.none"
"2026-09-14 02:11:20,292 [DEBUG] Check sd/sys/duetBackup/duetBackup.config against *duetBackup.config"
"2026-09-14 02:11:20,292 [INFO] Ignoring sd/sys/duetBackup/duetBackup.config due to ['*duetBackup.config']"
"2026-09-14 02:11:20,293 [INFO] List files in directory = /opt/dsf/sd/macros"
"2026-09-14 02:11:20,294 [DEBUG] Permissions for macros are owner: dsf and group: dsf"
"2026-09-14 02:11:20,294 [DEBUG] Check sd/macros/plc_status.g against *.none"
"2026-09-14 02:11:20,294 [DEBUG] Check sd/macros/plc_status.g against *duetBackup.config"
"2026-09-14 02:11:20,294 [DEBUG] Check sd/macros/chamber_heat.g against *.none"
"2026-09-14 02:11:20,294 [DEBUG] Check sd/macros/chamber_heat.g against *duetBackup.config"
"2026-09-14 02:11:20,295 [DEBUG] Check sd/macros/motors_off.g against *.none"
"2026-09-14 02:11:20,295 [DEBUG] Check sd/macros/motors_off.g against *duetBackup.config"
"2026-09-14 02:11:20,295 [DEBUG] Check sd/macros/chamber_abort.g against *.none"
"2026-09-14 02:11:20,295 [DEBUG] Check sd/macros/chamber_abort.g against *duetBackup.config"
"2026-09-14 02:11:20,295 [DEBUG] Check sd/macros/Speed/_st_measure.g against *.none"
"2026-09-14 02:11:20,295 [DEBUG] Check sd/macros/Speed/_st_measure.g against *duetBackup.config"
"2026-09-14 02:11:20,296 [DEBUG] Check sd/macros/Speed/speedtest.g against *.none"
"2026-09-14 02:11:20,296 [DEBUG] Check sd/macros/Speed/speedtest.g against *duetBackup.config"
"2026-09-14 02:11:20,296 [DEBUG] Check sd/macros/Frame/belt_check.g against *.none"
"2026-09-14 02:11:20,296 [DEBUG] Check sd/macros/Frame/belt_check.g against *duetBackup.config"
"2026-09-14 02:11:20,296 [DEBUG] Check sd/macros/Frame/is_recheck.g against *.none"
"2026-09-14 02:11:20,297 [DEBUG] Check sd/macros/Frame/is_recheck.g against *duetBackup.config"
"2026-09-14 02:11:20,297 [DEBUG] Check sd/macros/Frame/is_x390_middle.g against *.none"
"2026-09-14 02:11:20,297 [DEBUG] Check sd/macros/Frame/is_x390_middle.g against *duetBackup.config"
"2026-09-14 02:11:20,297 [DEBUG] Check sd/macros/Frame/belt_settle.g against *.none"
"2026-09-14 02:11:20,297 [DEBUG] Check sd/macros/Frame/belt_settle.g against *duetBackup.config"
"2026-09-14 02:11:20,297 [DEBUG] Check sd/macros/Frame/is_x390_frontrear.g against *.none"
"2026-09-14 02:11:20,297 [DEBUG] Check sd/macros/Frame/is_x390_frontrear.g against *duetBackup.config"
"2026-09-14 02:11:20,298 [DEBUG] Check sd/macros/Frame/is_xpos.g against *.none"
"2026-09-14 02:11:20,298 [DEBUG] Check sd/macros/Frame/is_xpos.g against *duetBackup.config"
"2026-09-14 02:11:20,298 [DEBUG] Check sd/macros/Frame/is_diag.g against *.none"
"2026-09-14 02:11:20,298 [DEBUG] Check sd/macros/Frame/is_diag.g against *duetBackup.config"
"2026-09-14 02:11:20,298 [DEBUG] Check sd/macros/Frame/is_x10_recheck.g against *.none"
"2026-09-14 02:11:20,298 [DEBUG] Check sd/macros/Frame/is_x10_recheck.g against *duetBackup.config"
"2026-09-14 02:11:20,298 [INFO] Backing up Files to Repository(full_name="m0oml/hevort") branch main"
"2026-09-14 02:11:20,758 [DEBUG] SHA from Github =  cfc95cae04b790f8f03214a20f61eabcd7bece22"
"2026-09-14 02:11:20,759 [DEBUG] File Hash = cfc95cae04b790f8f03214a20f61eabcd7bece22"
"2026-09-14 02:11:20,759 [DEBUG] Skipping sd/sys/homey.g"
"2026-09-14 02:11:21,251 [DEBUG] SHA from Github =  55a47e3ae4b40c7f6544a179eb0b2dca93a165e4"
"2026-09-14 02:11:21,252 [DEBUG] File Hash = 55a47e3ae4b40c7f6544a179eb0b2dca93a165e4"
"2026-09-14 02:11:21,252 [DEBUG] Skipping sd/sys/config.g"
"2026-09-14 02:11:21,695 [DEBUG] SHA from Github =  e8d573240b7f9cd44560b9332fa7b0f258775323"
"2026-09-14 02:11:21,695 [DEBUG] File Hash = e8d573240b7f9cd44560b9332fa7b0f258775323"
"2026-09-14 02:11:21,695 [DEBUG] Skipping sd/sys/printend.g"
"2026-09-14 02:11:22,127 [DEBUG] SHA from Github =  ba946d89593d013406366013a12f55100b7b68d1"
"2026-09-14 02:11:22,128 [DEBUG] File Hash = ba946d89593d013406366013a12f55100b7b68d1"
"2026-09-14 02:11:22,128 [DEBUG] Skipping sd/sys/trigger3.g"
"2026-09-14 02:11:22,558 [DEBUG] SHA from Github =  34a9765b3856ea8bec6ec11d149f13f91f37f1fe"
"2026-09-14 02:11:22,559 [DEBUG] File Hash = 34a9765b3856ea8bec6ec11d149f13f91f37f1fe"
"2026-09-14 02:11:22,559 [DEBUG] Skipping sd/sys/printstart.g"
"2026-09-14 02:11:22,999 [DEBUG] SHA from Github =  1f77786117f5d9dc8352422d1e534a3866ea1f4b"
"2026-09-14 02:11:22,999 [DEBUG] File Hash = 1f77786117f5d9dc8352422d1e534a3866ea1f4b"
"2026-09-14 02:11:23,000 [DEBUG] Skipping sd/sys/config.g.bak"
"2026-09-14 02:11:23,487 [DEBUG] SHA from Github =  ed1c71b4b6d3f8f9a37b8490cd2c8083af20470a"
"2026-09-14 02:11:23,488 [DEBUG] File Hash = ed1c71b4b6d3f8f9a37b8490cd2c8083af20470a"
"2026-09-14 02:11:23,488 [DEBUG] Skipping sd/sys/resume.g"
"2026-09-14 02:11:23,924 [DEBUG] SHA from Github =  b4f29fd2d3f0176b15471f7cf0739b2e14ff4da6"
"2026-09-14 02:11:23,925 [DEBUG] File Hash = b4f29fd2d3f0176b15471f7cf0739b2e14ff4da6"
"2026-09-14 02:11:23,925 [DEBUG] Skipping sd/sys/stop.g"
"2026-09-14 02:11:24,378 [DEBUG] SHA from Github =  ac26629e37923cd3bd588d1449113369a2113a1d"
"2026-09-14 02:11:24,378 [DEBUG] File Hash = ac26629e37923cd3bd588d1449113369a2113a1d"
"2026-09-14 02:11:24,378 [DEBUG] Skipping sd/sys/tpost0.g"
"2026-09-14 02:11:24,858 [DEBUG] SHA from Github =  05da85bd666431a695558136a5e71023a5b9ecc2"
"2026-09-14 02:11:24,858 [DEBUG] File Hash = 05da85bd666431a695558136a5e71023a5b9ecc2"
"2026-09-14 02:11:24,858 [DEBUG] Skipping sd/sys/daemon.g"
"2026-09-14 02:11:25,303 [DEBUG] SHA from Github =  378009fe62118b3f06c7be5dd7fa4f7f14fc63f9"
"2026-09-14 02:11:25,303 [DEBUG] File Hash = 378009fe62118b3f06c7be5dd7fa4f7f14fc63f9"
"2026-09-14 02:11:25,303 [DEBUG] Skipping sd/sys/homex.g"
"2026-09-14 02:11:25,751 [DEBUG] SHA from Github =  66164245a2aba5d31a00446868f2389267ddbcdf"
"2026-09-14 02:11:25,752 [DEBUG] File Hash = 66164245a2aba5d31a00446868f2389267ddbcdf"
"2026-09-14 02:11:25,752 [DEBUG] Skipping sd/sys/eventlog.txt"
"2026-09-14 02:11:26,187 [DEBUG] SHA from Github =  6965fbd9bb90bac363c3bfff166dc0c2f4be1108"
"2026-09-14 02:11:26,187 [DEBUG] File Hash = 6965fbd9bb90bac363c3bfff166dc0c2f4be1108"
"2026-09-14 02:11:26,188 [DEBUG] Skipping sd/sys/trigger2.g"
"2026-09-14 02:11:26,633 [DEBUG] SHA from Github =  061d9b4af5b830700f4c21048dfa484548013115"
"2026-09-14 02:11:26,633 [DEBUG] File Hash = 061d9b4af5b830700f4c21048dfa484548013115"
"2026-09-14 02:11:26,634 [DEBUG] Skipping sd/sys/homeall.g"
"2026-09-14 02:11:27,080 [DEBUG] SHA from Github =  778d564f7651d26086dc42e4e7852703c9b0fdae"
"2026-09-14 02:11:27,080 [DEBUG] File Hash = 778d564f7651d26086dc42e4e7852703c9b0fdae"
"2026-09-14 02:11:27,080 [DEBUG] Skipping sd/sys/vars.g"
"2026-09-14 02:11:27,538 [DEBUG] SHA from Github =  8b615ae0e0445e27a99432c6bce9dbd778c540e3"
"2026-09-14 02:11:27,538 [DEBUG] File Hash = 8b615ae0e0445e27a99432c6bce9dbd778c540e3"
"2026-09-14 02:11:27,538 [DEBUG] Skipping sd/sys/project.txt"
"2026-09-14 02:11:27,979 [DEBUG] SHA from Github =  2da2e09ee56975713d7125f9e0563ed17166e520"
"2026-09-14 02:11:27,979 [DEBUG] File Hash = 2da2e09ee56975713d7125f9e0563ed17166e520"
"2026-09-14 02:11:27,979 [DEBUG] Skipping sd/sys/heightmap.csv"
"2026-09-14 02:11:28,416 [DEBUG] SHA from Github =  460848b17d23cf3f8cbb57c3d221531795a0d4a6"
"2026-09-14 02:11:28,416 [DEBUG] File Hash = 460848b17d23cf3f8cbb57c3d221531795a0d4a6"
"2026-09-14 02:11:28,416 [DEBUG] Skipping sd/sys/sleep.g"
"2026-09-14 02:11:28,845 [DEBUG] SHA from Github =  6789bb4557b9b9e85171baa83e22261ecffbc1fc"
"2026-09-14 02:11:28,846 [DEBUG] File Hash = 6789bb4557b9b9e85171baa83e22261ecffbc1fc"
"2026-09-14 02:11:28,846 [DEBUG] Skipping sd/sys/tfree0.g"
"2026-09-14 02:11:29,282 [DEBUG] SHA from Github =  0f138bac19b2897defdf519c24b0b650626a9c6c"
"2026-09-14 02:11:29,282 [DEBUG] File Hash = 0f138bac19b2897defdf519c24b0b650626a9c6c"
"2026-09-14 02:11:29,282 [DEBUG] Skipping sd/sys/bed.g"
"2026-09-14 02:11:29,707 [DEBUG] SHA from Github =  e1c318ab25140e0e84e3a9f00c7ae148acdf274a"
"2026-09-14 02:11:29,708 [DEBUG] File Hash = e1c318ab25140e0e84e3a9f00c7ae148acdf274a"
"2026-09-14 02:11:29,708 [DEBUG] Skipping sd/sys/mesh.g"
"2026-09-14 02:11:30,154 [DEBUG] SHA from Github =  89bc6e82314d86a81a93658dd319e6ffb0deabcb"
"2026-09-14 02:11:30,155 [DEBUG] File Hash = 4038c4dfa376156eab4c08b9d609c1e16f889a20"
"2026-09-14 02:11:30,156 [INFO] Updating sd/sys/dwc-settings.json"
"2026-09-14 02:11:31,591 [DEBUG] SHA from Github =  d06fc89fa3a1eb218f27cabc588c2487ed66be5f"
"2026-09-14 02:11:31,591 [DEBUG] File Hash = d06fc89fa3a1eb218f27cabc588c2487ed66be5f"
"2026-09-14 02:11:31,591 [DEBUG] Skipping sd/sys/pause.g"
"2026-09-14 02:11:31,592 [INFO] Adding sd/sys/slicer_brief.txt"
"2026-09-14 02:11:33,584 [DEBUG] SHA from Github =  77966ccf48fe48f1c761192182cc3d14876e4943"
"2026-09-14 02:11:33,585 [DEBUG] File Hash = 77966ccf48fe48f1c761192182cc3d14876e4943"
"2026-09-14 02:11:33,585 [DEBUG] Skipping sd/sys/deployprobe.g"
"2026-09-14 02:11:34,049 [DEBUG] SHA from Github =  fdfc3a167878ff64ff93d75ae151a6aa30f5530a"
"2026-09-14 02:11:34,050 [DEBUG] File Hash = fdfc3a167878ff64ff93d75ae151a6aa30f5530a"
"2026-09-14 02:11:34,050 [DEBUG] Skipping sd/sys/retractprobe.g"
"2026-09-14 02:11:34,490 [DEBUG] SHA from Github =  5d1f873a7d6261eb2001913d4b76ad4358a966a1"
"2026-09-14 02:11:34,490 [DEBUG] File Hash = 5d1f873a7d6261eb2001913d4b76ad4358a966a1"
"2026-09-14 02:11:34,493 [DEBUG] Skipping sd/sys/tpre0.g"
"2026-09-14 02:11:34,918 [DEBUG] SHA from Github =  860f2a60b70f4041f50c3a73b8f3662a2331d132"
"2026-09-14 02:11:34,919 [DEBUG] File Hash = 860f2a60b70f4041f50c3a73b8f3662a2331d132"
"2026-09-14 02:11:34,919 [DEBUG] Skipping sd/sys/homez.g"
"2026-09-14 02:11:35,353 [DEBUG] SHA from Github =  499b650dea167413359f629157378944ed645931"
"2026-09-14 02:11:35,353 [DEBUG] File Hash = 499b650dea167413359f629157378944ed645931"
"2026-09-14 02:11:35,353 [DEBUG] Skipping sd/sys/plc_read.g"
"2026-09-14 02:11:35,794 [DEBUG] SHA from Github =  005bc9a72f92a6d5240948f3004a0b40500ee148"
"2026-09-14 02:11:35,794 [DEBUG] File Hash = 005bc9a72f92a6d5240948f3004a0b40500ee148"
"2026-09-14 02:11:35,794 [DEBUG] Skipping sd/sys/configtool.json"
"2026-09-14 02:11:36,312 [DEBUG] SHA from Github =  b8a4a7764384cc91fa757807f48f360fe4ec7ccf"
"2026-09-14 02:11:36,313 [DEBUG] File Hash = b8a4a7764384cc91fa757807f48f360fe4ec7ccf"
"2026-09-14 02:11:36,313 [DEBUG] Skipping sd/sys/project-long.txt"
